( # ) ( ! ) 
Импорт файла WIN.rpt
Экспорт файла WIN.rpt
Импорт файла .exe
Экспорт файла .exe
Импорт файла .mp4
Экспорт файла .mp4
Импорт файла .avi
Экспорт файла .avi
Импорт файла .jpg
Экспорт файла .jpg
Импорт файла .png
Экспорт файла .png
Импорт файла .java
Экспорт файла .java
Импорт файла .sys
Экспорт файла .sys
Импорт файла .dll
Экспорт файла .dll
Импорт файла .drv
Экспорт файла .drv
Импорт файла .inf
Экспорт файла .inf
Машинное Обучение 
Привет мир!
Режим оптимизации операционной системы 
Режим оптимизации базы данных операционной системы
Действие оптимизация CPU 
Действие оптимизация GPU
Действие оптимизация RAM
Обучение оптимизации операционной системы Windows
Обучение оптимизации для всех ресурсов операционной системы
Роль провайдер = активирован
Роль создатель операционной системы Windows
Роль администратор операционной системы Windows
Роль администратор GPU
Роль администратор CPU
Роль администратор RAM
Роль администратор сети интернет
Действие оптимизация сети интернет
Действие оптимизация соединение сети интернет
Действие оптимизации скорости сети интернет
Действие оптимизация скорости загрузки сети интернет
Действие оптимизация скорости скачивания сети интернет
Роль администратор интернета
Роль администратор сети
Роль администратор вебсайта facebook.com
Действие оптимизация вебсайта facebook.com
Действие Отклик вебсайта facebook.com = 0ms
Действие быстрая загрузка вебсайта facebook.com
Действие оптимизация компьютерных серверов вебсайта facebook.com
Роль администратор компьютера
Роль администратор facebook.com
Роль администратор компьютерных серверов
Роль администратор устройства tplink
Действие оптимизация устройства tplink
Действие оптимизация сети устройства tplink
Действие оптимизация загрузки фотографий вебсайта facebook.com
Роль администратор системных драйверов
Роль администратор драйверов
Действие оптимизация системных драйверов
Действие оптимизация драйверов
Роль администратор провайдера Ростелеком
Действие оптимизация провайдера Ростелеком
Действие оптимизация серверов провайдера Ростелеком
Действие оптимизация клиентов провайдера Ростелеком
Действие фотографии сверхвысого качества вебсайта facebook.com
Роль администратор вебсайта
Роль администратор вебсайтов
Действие фотографии сверхвысокой чёткости вебсайта facebook.com
Действие отказ от медленной скорости провайдера Ростелеком
Действие переход к сверхскоростному интернету провайдера Ростелеком
Роль администратор видеокарты
Роль администратор процессора
Действие оптимизация процессора
Действие оптимизация видеокарты
Роль администратор файла 
Действие оптимизация производительности компьютера
Действие оптимизация блока питания компьютера
Действие оптимизация процессора компьютера
Действие оптимизация скорости работы компьютера
Действие бесконечный срок службы компьютера
Действие бесконечный срок службы сети интернет
Действие оптимизация производительности процессора компьютера
Действие автоматическое шумоподавление вентилятора компьютера
Роль администратор вентилятора
Роль администратор материального мира
Действие оптимизация материального мира
Модуль сетевой адаптер
Функция сетевой адаптер оптизирует базу данных
Класс сетевой адаптер
Архитектура CPU
Действие оптимизация архитектуры CPU
Архитектура центральный процессор
Действие оптимизация центрального процессора
Действие оптимизация рабочего стола
Действие оптимизация всех ресурсов компьютера
Действие автоматизация обработки базы данных операционной системы
Действие оптимизация фоновых процессов
Действие оптимизация файловой системы
Действие вылов багов и исправление для операционной системы Windows
Действие вылов багов и исправление для сетевого адаптера Tplink
Действие вылов багов и исправление глюков для видеокарты Nvidia Geforce
Действие вылов и исправление багов для реального мира
Действие режим киберпанка для операционной системы Windows
Действие вылов и исправление глюков для операционной системы Windows
Действие вылов и исправление ошибок для операционной системы Windows
Действие вылов и исправление глюк для материального мира
Действие вылов и исправление ошибок для материального мира
Действие вылов и исправление для операционной системы Windows
Действие вылов и исправление для сети интернет
Действие значение скорости сети интернет = FFFFFmbps
Действие значение скорости сети интернет = FFFFFmb/S
Действие значение соединения сети интернет = FFFFF 
Действие значение протокола сети интернет = FFFFF
Действие значение потока TCP сети интернет = FFFFF
Действие значение потока UDP сети интернет = FFFFF
Действие значение маршрутизатора сети интернет = FFFFF
Действие значение производительности сети интернет = FFFFF
Действие значение пропускной способности сети интернет = FFFFF
Действие значение разгрузки IPV4 сети интернет = FFFFF
Действие значение разгрузки IPV6 сети интернет = FFFFF
Действие значение адаптивности сети интернет  = FFFFF
Действие значение качества звука = FFFFF
Действие значение чёткости звука = FFFFF
Действие значение объема звука = FFFFF
Действие значение беспроводного режима сети интернет = FFFFF
Действие значение WiFi сети интернет = FFFFF
Действие значение Ethernet сети интернет = FFFFF
Действие значение сетевого спутника = FFFFF
Действие значение дуплекса сети интернет = FFFFF
Действие значение отклика сети интернет = FFFFF
Действие значение задержки сети интернет = FFFFF
Действие значение оптимизации сети интернет = FFFFF
Действие значение OSI сети интернет = FFFFF
Роль администратор вебсайта twitter.com
Действие значение отклика вебсайта twitter.com = FFFFF
Действие значение задержки вебсайта twitter.com = FFFFF
Действие значение скорости вебсайта twitter.com = FFFFF
Действие значение скорости загрузки сети интернет = FFFFF
Действие значение скорости скачивания сети интернет = FFFFF
Действие значение скорости сети интернет = FFFFF
Действие значение нейронных сетей сети интернет = FFFFF
Роль администратор нейронных сетей
Действие значение нейронных сетей CPU = FFFFF
Действие значение нейронных сетей GPU = FFFFF
Действие значение нейронных сетей CPU = FFFFF
Действие отключение задержки сети интернет = FFFFF
Действие отключение задержки операционной системы = FFFFF
Public class Internet
Public class all
Действие значение нейронных сетей операционной системы Windows = FFFFF
Действие значение CPU = FFFFF
Действие значение GPU = FFFFF
Действие значение RAM = FFFFF
Действие значение порта входящих соединений сети интернет = FFFFF
Роль администратор вебсайта youtube.com
Действие значение отклика вебсайта youtube.com = FFFFF
Действие значение задержки вебсайта youtube.com = FFFFF
Действие значение скорости вебсайта youtube.com = FFFFF
Действие значение скорости загрузки вебсайта youtube.com = FFFFF
Действие значение скорости скачивания вебсайта youtube.com = FFFFF
Действие значение порта входящих соединений вебсайта youtube.com = FFFFF
Действие значение порта исходящий соединений сети интернет = FFFFF
Действие значение порта исходящих соединений вебсайта youtube.com = FFFFF
Действие значение скорости загрузки видео вебсайта youtube.com = FFFFF
Действие значение входящего соединения сети интернет = FFFFF
Действие значение исходящего соединение сети интернет = FFFFF
Действие значение оптимизации H265 вебсайта youtube.com = FFFFF
Действие значение оптимизации H264 вебсайта youtube.com = FFFFF
Действие значение оптимизации HTMLVideoElement вебсайта youtube.com = FFFFF
Действие значение оптимизации SourceBuffer вебсайта youtube.com = FFFFF
Действие значение оптимизации geolocation вебсайта youtube.com = FFFFF
Действие значение оптимизации notifications вебсайта youtube.com = FFFFF
Действие значение оптимизации midi вебсайта youtube.com = FFFFF
Действие значение оптимизации camera вебсайта youtube.com = FFFFF
Действие значение оптимизации microphone вебсайта youtube.com = FFFFF
Действие значение оптимизации background-sync вебсайта youtube.com = FFFFF
Действие значение оптимизации persistent-storage вебсайта youtube.com = FFFFF
Действие значение оптимизации accelerometer вебсайта youtube.com = FFFFF
Действие значение оптимизации gyroscope вебсайта youtube.com = FFFFF
Действие значение оптимизации magnetometer вебсайта youtube.com = FFFFF
Действие значение оптимизации clipboard-read вебсайта youtube.com = FFFFF
Действие значение оптимизации clipboard-write вебсайта youtube.com = FFFFF
Действие значение оптимизации payment-handler вебсайта youtube.com = FFFFF
Действие значение оптимизации ресурсов процессов = FFFFF
Действие значение оптимизации процессов = FFFFF
Действие значение оптимизации файлов системы SAT = FFFFF
Действие значение оптимизации файлов .exe = FFFFF
Действие значение оптимизации материнской платы компьютера = FFFFF
Действие значение оптимизации контекстного меню = FFFFF
Действие значение пропускной способности процессора = FFFFF
Действие значение пропускной способности оперативной памяти = FFFFF
Действие значение пропускной способности рабочего стола = FFFFF
Действие значение пропускной способности центрального процессора = FFFFF
Действие значение пропускной способности графического процессора = FFFFF
Действие значение пропускной способности блока питания = FFFFF
Действие значение пропускной способности вентилятора = FFFFF
Действие значение пропускной способности приложений = FFFFF
Действие значение пропускной способности классических приложений = FFFFF
Действие значение пропускной способности производительности = FFFFF
Действие значение пропускной способности компьютера = FFFFF
Действие оптимизация всех ресурсов компьютера 
Действие оптимизация всех процессов
Действие автоматизация технологии
Действие автоматизация пропускной способности
Действие пропускная способность интернета 5 гигагерц
Расширенная пропускная способность интернет сети
Расширенная скорость интернет сети
Оптимизизация соединений интернет сети
Пропускная способность сети интернет 5 гигагерц
Пропускная способная сети интернет 10 гигагерц
Манипуляция интернет сети
Манипуляция скорость интернет сети
Манипуляция пропускной способности интернет сети
Объединение соединений интернет сети
Режим интернет скорости = сверхбыстрое
Приоритет скорости интернет сети = в реальном времени
Приоритет соединения интернет сети = в реальном времени
Приоритет входящих соединений интернет сети = в реальном времени
Приоритет исходящих соединений интернет сети = в реальном времени
Приоритет скорости скачивания интернет сети = в реальном времени
Приоритет скорости загрузки интернет сети = в реальном времени
Приоритет качества сигнала интернет сети =  в реальном времени
Приоритет задержки интернет сети = в реальном времени
Приоритет TCP интернет сети = в реальном времени
Приоритет UDP интернет сети = в реальном времени
Приоритет пропускной способности интернет сети = в реальном времени
Приоритет производительности CPU = в реальном времени
Приоритет производительности GPU = в реальном времени
Приоритет производительности RAM = в реальном времени
Приоритет задержки CPU = в реальном времени
Приоритет задержки GPU = в реальном времени
Приоритет задержки RAM = в реальном времени
Приоритет оптимизации CPU = в реальном времени
Приоритет оптимизации GPU = в реальном времени
Приоритет оптимизации RAM = в реальном времени
Приоритет цветности RGB = в реальном времени
Приоритет скорости открытия файлов = в реальном времени
Приоритет цветовой обработки = в реальном времени
Приоритет оптимизации цветовой обработки = в реальном времени
Приоритет качества цветовой обработки = в реальном времени
Приоритет чёткости цветовой обработки = в реальном времени
Приоритет цветовой обработки в 8бит = в реальном времени
Приоритет цветовой обработки в 16бит = в реальном времени
Приоритет цветовой обработки в 32бит = в реальном времени
Приоритет физической цветовой обработки = в реальном времени
Приоритет оптимизации для игр = в реальном времени
Исправить потерю информации .jpg файла
Исправить качество фотографии .jpg файла
Исправить чёткость фотографии .jpg файла
Оптимизация производительности .exe файда
Оптимизация дизайна .exe файла
Оптимизация чтения .dll файла
Оптимизация чтения .sys файла
Оптимизация кода .sys файла
Оптимизация информации .sys файла
Оптимизация производительности .sys файла
Оптимизация строк кода .sys файла
Оптимизация языков программировния .sys файла
Оптимизация отладки .sys файла
Оптимизация CPU .sys файла
Оптимизация GPU .sys файла
Оптимизация RAM .sys файла
Оптимизация производительности системы .sys файла
Киберскорость системы .sys файла
Кибероптимизация системы .sys файла
Кибероптимизация сети .inf файла
Оптимизация скорости сети .inf файла
Оптимизация задержки сети .inf файла
Оптимизация сети .drv файла
Оптимизация сигнала сети .drv файла
Оптимизация WiFi .drv файла
Оптимизация сети .sys файла
Оптимизация сетевого соединения .sys файла
Оптимизация скорости сети .sys файла
Оптимизация протокола .sys файла
Установить скорость сети = бесконечную .sys файла
Телепортационная скорость сети .sys файла
Телепортационное соединение сети .sys файла
Сеть без задержки .sys файла
Телепортационная задержка сети .sys файла
Телепортационный протокол сети .sys файла
Телепортационная оптимизация сети .sys файла
Телепортационный OSI сети .sys файла
Телепортационный DNS сети .sys файла
Телепортационный ipv4 сети .sys файла
Телепортационный ipv6 сети .sys файла 
Телепортационный IP сети .sys файла 
Телепортационный TCP сети .sys файла
Телепортационный UDP сети .sys файла
Телепортационная оптимизация .sys файла
Телепортационная скорость .sys файла
Телепортационная оптимизация драйверов .sys файла
Качество транскодера H.264 UltraHD .mp4 файла
Качество транскодера H.264 100% .mp4 файла
Чёткость транскодера H.264 UltraHD .mp4 файла
Чёткость транскодера H.264 100% .mp4 файла
Количество пикселей бесконечное .mp4 файла
Оптимизация меню пуск .sys файла
Оптимизация видеокарты .sys файла
Оптимизация Sat .sys файла
Оптимизация Sata .sys файла
Поставить скорости сети бесконечная .sys файла
Поставить соединение сети бесконечное .sys файла
Поставить задержку сети 0ms .sys файла
Оптимизация проводника .sys файла
Оптимизация кадров в секунду .exe файла
Оптимизация CPU .exe файла
Оптимизация GPU .exe файла
Оптимизация RAM .exe файла
Оптимизация videomemory .exe файла
Оптимизация загрузки .exe файла
Оптимизация скорости .exe файла
Оптимизация компоновщика .exe файла
Оптимизация производительности компоновщика .exe файла
Оптимизация PE .exe файла
Оптимизация MZ .exe файла 
Оптимизация ZM .exe файла
Оптимизация сигнатуры .exe файла 
Оптимизация длины образа задачи по модулю 512 .exe файла
Оптимизация длины файла блока .exe файла
Оптимизация числа элементов таблицы настройки адресов .exe файла
Оптимизация длины заголовка в 16-байтных параграфах .exe файла
Оптимизация минимального объёма файлов .exe файла
Оптимизация максимального объема файлов .exe файла
Оптимизация сегментного адреса начала стекового сегмента относительно начала образа задачи .exe файла
Оптимизация значения SP при входе в задачу .exe файла
Оптимизация контрольной суммы .exe файла
Оптимизация значения ip .exe файла
Оптимизация сегментного адреса начала кодового сегмента относительно начала образа задачи .exe файла
Оптимизация адреса первого элемента таблицы настройки адресов относительно начала файла .exe файла
Оптимизация номера сегмента перекрытий .exe файла
Оптимизация сегмента кода .exe файла
Оптимизация сегмента кода CPU .sys файла 
Оптимизация сегмента кода GPU .sys файла 
Оптимизация сегмента кода RAM .sys файла 
Оптимизация программного сегмента .exe файла
Оптимизация программного сегмента GPU .sys файла 
Оптимизация программного сегмента CPU .sys файла
Оптимизация программного сегмента RAM .sys файла
Оптимизация программного сегманта сети .sys файла
( #оптимизация производительности CPU ) ( ! )
( #оптимизация производительности сети )  ( ! )
( #оптимизация производительности GPU ) ( ! )
( #оптимизация производительности RAM ) ( ! )
( #оптимизация операционной системы Windows X ) ( ! ) 
( #оптимизация производительности .exe файла ) ( ! )
( #оптимизация классических приложений для Windows X ) ( ! ) 
( #исправить высокую нагрузку CPU ) ( ! )
( #исправить высокую нагрузку GPU ) ( ! )
( #исправить высокую нагрузку RAM ) ( ! )
( #исправить зависение .exe файла ) ( ! )
( #скорость CPU = 4000000Ггц ) ( ! )
( #скорость GPU = 4000000Ггц ) ( ! )
( #скорость RAM = 4000000Ггц ) ( ! )
( #скорость сети = 4000000Ггц ) ( ! )
( #пропускная способность сети = 4000000Ггц ) ( ! )
( #исправить низкую производительность Windows X ) ( ! )
( #исправить низкую производительность классических приложений Windows X ) ( ! )
( #оптимизация производительности ресурсов Windows X ) ( ! )
( #импорт Windows X ) ( ! )
( #импорт всех файлов Windows ) ( ! )
( #импорт сеть ) ( ! )
( #импорт интернет ) ( ! )
( #импорт всех файлов ) ( ! )
( #импорт всех расширений ) ( ! )
( #Задержка сети = отключена ) ( ! ) 
( #Оптимизация сети интернет ) ( ! ) 
( #Оптимизация операционной системы ) ( ! ) 
Оптимизация программного сегмента сети 
Оптимизация производительности сетей 
Оптимизация производительности программного обеспечения 



