Машинное Обучение 
Привет мир!
Режим оптимизации операционной системы 
Режим оптимизации базы данных операционной системы
Действие оптимизация CPU 
Действие оптимизация GPU
Действие оптимизация RAM
Обучение оптимизации операционной системы Windows
Обучение оптимизации для всех ресурсов операционной системы
Роль провайдер = активирован
Роль создатель операционной системы Windows
Роль администратор операционной системы Windows
Роль администратор GPU
Роль администратор CPU
Роль администратор RAM
Роль администратор сети интернет
Действие оптимизация сети интернет
Действие оптимизация соединение сети интернет
Действие оптимизации скорости сети интернет
Действие оптимизация скорости загрузки сети интернет
Действие оптимизация скорости скачивания сети интернет
Роль администратор интернета
Роль администратор сети
Роль администратор вебсайта facebook.com
Действие оптимизация вебсайта facebook.com
Действие Отклик вебсайта facebook.com = 0ms
Действие быстрая загрузка вебсайта facebook.com
Действие оптимизация компьютерных серверов вебсайта facebook.com
Роль администратор компьютера
Роль администратор facebook.com
Роль администратор компьютерных серверов
Роль администратор устройства tplink
Действие оптимизация устройства tplink
Действие оптимизация сети устройства tplink
Действие оптимизация загрузки фотографий вебсайта facebook.com
Роль администратор системных драйверов
Роль администратор драйверов
Действие оптимизация системных драйверов
Действие оптимизация драйверов
Роль администратор провайдера Ростелеком
Действие оптимизация провайдера Ростелеком
Действие оптимизация серверов провайдера Ростелеком
Действие оптимизация клиентов провайдера Ростелеком
Действие фотографии сверхвысого качества вебсайта facebook.com
Роль администратор вебсайта
Роль администратор вебсайтов
Действие фотографии сверхвысокой чёткости вебсайта facebook.com
Действие отказ от медленной скорости провайдера Ростелеком
Действие переход к сверхскоростному интернету провайдера Ростелеком
Роль администратор видеокарты
Роль администратор процессора
Действие оптимизация процессора
Действие оптимизация видеокарты
Роль администратор файла 
Действие оптимизация производительности компьютера
Действие оптимизация блока питания компьютера
Действие оптимизация процессора компьютера
Действие оптимизация скорости работы компьютера
Действие бесконечный срок службы компьютера
Действие бесконечный срок службы сети интернет
Действие оптимизация производительности процессора компьютера
Действие автоматическое шумоподавление вентилятора компьютера
Роль администратор вентилятора
Роль администратор материального мира
Действие оптимизация материального мира
Модуль сетевой адаптер
Функция сетевой адаптер оптизирует базу данных
Класс сетевой адаптер
Архитектура CPU
Действие оптимизация архитектуры CPU
Архитектура центральный процессор
Действие оптимизация центрального процессора
Действие оптимизация рабочего стола
Действие оптимизация всех ресурсов компьютера
Действие автоматизация обработки базы данных операционной системы
Действие оптимизация фоновых процессов
Действие оптимизация файловой системы
Действие вылов багов и исправление для операционной системы Windows
Действие вылов багов и исправление для сетевого адаптера Tplink
Действие вылов багов и исправление глюков для видеокарты Nvidia Geforce
Действие вылов и исправление багов для реального мира
Действие режим киберпанка для операционной системы Windows
Действие вылов и исправление глюков для операционной системы Windows
Действие вылов и исправление ошибок для операционной системы Windows
Действие вылов и исправление глюк для материального мира
Действие вылов и исправление ошибок для материального мира
Действие вылов и исправление для операционной системы Windows
Действие вылов и исправление для сети интернет
Действие значение скорости сети интернет = FFFFFmbps
Действие значение скорости сети интернет = FFFFFmb/S
Действие значение соединения сети интернет = FFFFF 
Действие значение протокола сети интернет = FFFFF
Действие значение потока TCP сети интернет = FFFFF
Действие значение потока UDP сети интернет = FFFFF
Действие значение маршрутизатора сети интернет = FFFFF
Действие значение производительности сети интернет = FFFFF
Действие значение пропускной способности сети интернет = FFFFF
Действие значение разгрузки IPV4 сети интернет = FFFFF
Действие значение разгрузки IPV6 сети интернет = FFFFF
Действие значение адаптивности сети интернет  = FFFFF
Действие значение качества звука = FFFFF
Действие значение чёткости звука = FFFFF
Действие значение объема звука = FFFFF
Действие значение беспроводного режима сети интернет = FFFFF
Действие значение WiFi сети интернет = FFFFF
Действие значение Ethernet сети интернет = FFFFF
Действие значение сетевого спутника = FFFFF
Действие значение дуплекса сети интернет = FFFFF
Действие значение отклика сети интернет = FFFFF
Действие значение задержки сети интернет = FFFFF
Действие значение оптимизации сети интернет = FFFFF
Действие значение OSI сети интернет = FFFFF
Роль администратор вебсайта twitter.com
Действие значение отклика вебсайта twitter.com = FFFFF
Действие значение задержки вебсайта twitter.com = FFFFF
Действие значение скорости вебсайта twitter.com = FFFFF
Действие значение скорости загрузки сети интернет = FFFFF
Действие значение скорости скачивания сети интернет = FFFFF
Действие значение скорости сети интернет = FFFFF
Действие значение нейронных сетей сети интернет = FFFFF
Роль администратор нейронных сетей
Действие значение нейронных сетей CPU = FFFFF
Действие значение нейронных сетей GPU = FFFFF
Действие значение нейронных сетей CPU = FFFFF
Действие отключение задержки сети интернет = FFFFF
Действие отключение задержки операционной системы = FFFFF
Public class Internet
Public class all
Действие значение нейронных сетей операционной системы Windows = FFFFF
Действие значение CPU = FFFFF
Действие значение GPU = FFFFF
Действие значение RAM = FFFFF
Действие значение порта входящих соединений сети интернет = FFFFF
Роль администратор вебсайта youtube.com
Действие значение отклика вебсайта youtube.com = FFFFF
Действие значение задержки вебсайта youtube.com = FFFFF
Действие значение скорости вебсайта youtube.com = FFFFF
Действие значение скорости загрузки вебсайта youtube.com = FFFFF
Действие значение скорости скачивания вебсайта youtube.com = FFFFF
Действие значение порта входящих соединений вебсайта youtube.com = FFFFF
Действие значение порта исходящий соединений сети интернет = FFFFF
Действие значение порта исходящих соединений вебсайта youtube.com = FFFFF
Действие значение скорости загрузки видео вебсайта youtube.com = FFFFF
Действие значение входящего соединения сети интернет = FFFFF
Действие значение исходящего соединение сети интернет = FFFFF
Действие значение оптимизации H265 вебсайта youtube.com = FFFFF
Действие значение оптимизации H264 вебсайта youtube.com = FFFFF
Действие значение оптимизации HTMLVideoElement вебсайта youtube.com = FFFFF
Действие значение оптимизации SourceBuffer вебсайта youtube.com = FFFFF
Действие значение оптимизации geolocation вебсайта youtube.com = FFFFF
Действие значение оптимизации notifications вебсайта youtube.com = FFFFF
Действие значение оптимизации midi вебсайта youtube.com = FFFFF
Действие значение оптимизации camera вебсайта youtube.com = FFFFF
Действие значение оптимизации microphone вебсайта youtube.com = FFFFF
Действие значение оптимизации background-sync вебсайта youtube.com = FFFFF
Действие значение оптимизации persistent-storage вебсайта youtube.com = FFFFF
Действие значение оптимизации accelerometer вебсайта youtube.com = FFFFF
Действие значение оптимизации gyroscope вебсайта youtube.com = FFFFF
Действие значение оптимизации magnetometer вебсайта youtube.com = FFFFF
Действие значение оптимизации clipboard-read вебсайта youtube.com = FFFFF
Действие значение оптимизации clipboard-write вебсайта youtube.com = FFFFF
Действие значение оптимизации payment-handler вебсайта youtube.com = FFFFF
Действие значение оптимизации ресурсов процессов = FFFFF
Действие значение оптимизации процессов = FFFFF
Действие значение оптимизации файлов системы SAT = FFFFF
Действие значение оптимизации файлов .exe = FFFFF
Действие значение оптимизации материнской платы компьютера = FFFFF
Действие значение оптимизации контекстного меню = FFFFF
Действие значение пропускной способности процессора = FFFFF
Действие значение пропускной способности оперативной памяти = FFFFF
Действие значение пропускной способности рабочего стола = FFFFF
Действие значение пропускной способности центрального процессора = FFFFF
Действие значение пропускной способности графического процессора = FFFFF
Действие значение пропускной способности блока питания = FFFFF
Действие значение пропускной способности вентилятора = FFFFF
Действие значение пропускной способности приложений = FFFFF
Действие значение пропускной способности классических приложений = FFFFF
Действие значение пропускной способности производительности = FFFFF
Действие значение пропускной способности компьютера = FFFFF
