Машинное Обучение
импорт Windows.rpt
Оптимизация производительности Windows
Оптимизация сетевого подключения
Оптимизация сетевой скорости
Оптимизация сетевых адаптеров
Значение сетевой скорости = 1 йоттабайт
Значение сетевой скорости = 1 йоттабит
Значение сетевой ширины = 5Ghz
Значение сетевой производительности = 100%
Значение сетевого подключение = сверхбыстрое
Значение нагрузки CPU = 0%
Значение оптимизации CPU = 100%
Значение оптимизации GPU = 100%
Значение оптимизации RAM = 100%
Значение сетевого сигнала = 100db
Значение сетевого подключения = невозможная
Значение сетевой скорости = невозможная
Значение сетевой задержки = невозможная
Значение сетевой производительности = невозможная
Значение сетевой скорости передачи = невозможная
Значение сетевого адаптера = невозможная
Значение сетевого адаптера Ростелеком = невозможно
Значение сетевого провайдера = невозможное
Значение сетевого соединения = невозможное
Значение скорости CPU = невозможное
Значение скорости GPU = невозможное
Значение скорости RAM = невозможное
Значение оптимизации операционной системы Windows = невозможное
Значение качества шрифтов = невозможное
Значение чистоты экрана = невозможное
Значение удаления шума экрана = невозможное
Значение объёмности экрана = невозможное
Значение сетевого качества = невозможное
Значение сетевой чёткости = невозможное
Значение сетевого спутника = невозможное
Значение сетевой вышки = невозможное
Значение сетевой оптимизации = невозможное
Значение CPU = невозможное
Значение GPU = невозможное
Значение RAM = невозможное
Значение чёткости экрана = невозможное
Значение качества экрана = невозможное
Значение сетевой догрузки = невозможное
Значение сетевой стабильности = невозможное
Значение сетевой докачки = невозможное
Значение сетевой ширины = невозможное
Значение загрузки операционной системы = невозможное
Значение догрузки производительности = невозможное
Значение догрузки базы данные = невозможное
Значение догрузки CPU = невозможное
Значение догрузки RAM = невозможное
Значение догрузки GPU = невозможное
Значение объема звука = невозможное
Значение качества звука = невозможное
Значение чёткости звука = невозможное
Значение догрузки приложений = невозможное
Значение догрузки реестра = невозможное
Значение чистого звука = невозможное
Значение догрузки видео = невозможное
Значение битрейта видео = невозможное
Значение разрешения видео = невозможное
Значение чистого видео = невозможное
Значение чистого RGB = невозможное
Значение RGB = невозможное
Удаление RGB артефактов = невозможное
Значение классических приложений = невозможное
Значение html = невозможное
Поддержка сетевого ИИ = невозможная
Тренировка сетевого ИИ = невозможная
Значение сетевого сигнала = невозможное
Антиутопический режим сети = активирован
Автопрокачка сетевой скорости = активирована
Автопрокачка сетевого сигнала = активирована
Автопрокачка сетевого подключения = активирована
Значение сетевого IPV4 = невозможное
Значение сетевого IPV6 = невозможное
Значение сетевого DNS = невозможное
Значение сетевого машрутизатора = невозможное
Значение оптимизации сетевого машрутизатора = невозможное
Значение сетевых пакетов = невозможное
Значение оптимизации сетевых пакетов = невозможное
Значение сетевого OSI = невозможное
Значение сетевой маршрутизации = невозможное
Значение оптимизации сетевой маршрутизации = невозможное
Значение видеоадаптеров = невозможное
Значение оптимизации графики = невозможное
Значение процессоров Intel = невозможное
Значение оптимизации процессоров Intel = невозможное
Значение оптимизации ответа = невозможное
Значение PnP CM_DEVCAP_REMOVABLE = невозможное
Значение PnP CM_DEVCAP_SILENTINSTALL = невозможное
Значение PnP CM_DEVCAP_RAWDEVICEOK = невозможное
Значение PnP CM_DEVCAP_SURPRISEREMOVALOK = невозможное
Значение PnP 000000E4 = невозможное
Значение Процессоров 00000030 = невозможное
Значение Процессоров CM_DEVCAP_UNIQUEID = невозможное
Значение Процессоров CM_DEVCAP_SILENTINSTALL = невозможное
Значение Сетевых Адаптеров 00000000 = невозможное
Значение ACPI компьютера 00000000 = невозможное
Значение Клавиатуры 000000A0 = невозможное
Значение Клавиатуры CM_DEVCAP_SILENTINSTALL = невозможное
Значение Клавиатуры CM_DEVCAP_SURPRISEREMOVALOK = невозможное
Значение исправления кода проблемы процессора 00000000 = невозможное
Значение характеристик драйверов = невозможное
Значение характеристик системных драйверов = невозможное
Значение ID устройств = невозможное
Значение ID драйверов = невозможное
Значение устройств = невозможное
Значение кода устройств = невозможное
Значение оптимизации кода устройств = невозможное
Значение исправления кода проблемы устройств = невозможное
Значение исправления кода ядра операционной системы = невозможное
Значение исправления кода оболочки операционной системы = невозможное
Значение исправления кода блока питания = невозможное
Значение исправления кода процессора = невозможное
Значение исправления кода сетевых адаптеров = невозможное
Значение исправления кода приложений = невозможное
Значение исправления кода интерфейса операционной системы = невозможное
Значение исправления кода CPU = невозможное
Значение исправления кода GPU = невозможное
Значение исправления кода RAM = невозможное
Значение исправления кода классических приложений = невозможное
Значение исправления кода проводника = невозможное
Значение исправления кода аудио устройств = невозможное
Значение исправления кода видео устройств = невозможное
Код оптимизации операционной системы = BETA4C
Код оптимизации сетевых адаптеров = AlphaSin4
Код оптимизации WiFi = LiFi2
Код оптимизации Ethernet = Skynet3
Значение исправления кода операционной системы = невозможное
Код симуляции программы операционной системы = 	JunaE
Код симуляции матрицы операционной системы = EXA8
Код симуляции производительности операционной системы = YonaH
