Машинное Обучение
импорт Windows.rpt
Оптимизация производительности Windows
Оптимизация сетевого подключения
Оптимизация сетевой скорости
Оптимизация сетевых адаптеров
Значение сетевой скорости = 1 йоттабайт
Значение сетевой скорости = 1 йоттабит
Значение сетевой ширины = 5Ghz
Значение сетевой производительности = 100%
Значение сетевого подключение = сверхбыстрое
Значение нагрузки CPU = 0%
Значение оптимизации CPU = 100%
Значение оптимизации GPU = 100%
Значение оптимизации RAM = 100%
Значение сетевого сигнала = 100db
Значение сетевого подключения = невозможная
Значение сетевой скорости = невозможная
Значение сетевой задержки = невозможная
Значение сетевой производительности = невозможная
Значение сетевой скорости передачи = невозможная
Значение сетевого адаптера = невозможная
Значение сетевого адаптера Ростелеком = невозможно
Значение сетевого провайдера = невозможное
Значение сетевого соединения = невозможное
Значение скорости CPU = невозможное
Значение скорости GPU = невозможное
Значение скорости RAM = невозможное
Значение оптимизации операционной системы Windows = невозможное
Значение качества шрифтов = невозможное
Значение чистоты экрана = невозможное
Значение удаления шума экрана = невозможное
Значение объёмности экрана = невозможное
Значение сетевого качества = невозможное
Значение сетевой чёткости = невозможное
Значение сетевого спутника = невозможное
Значение сетевой вышки = невозможное
Значение сетевой оптимизации = невозможное
Значение CPU = невозможное
Значение GPU = невозможное
Значение RAM = невозможное
Значение чёткости экрана = невозможное
Значение качества экрана = невозможное
Значение сетевой догрузки = невозможное
Значение сетевой стабильности = невозможное
Значение сетевой докачки = невозможное
Значение сетевой ширины = невозможное
Значение загрузки операционной системы = невозможное
Значение догрузки производительности = невозможное
Значение догрузки базы данные = невозможное
Значение догрузки CPU = невозможное
Значение догрузки RAM = невозможное
Значение догрузки GPU = невозможное
Значение объема звука = невозможное
Значение качества звука = невозможное
Значение чёткости звука = невозможное
Значение догрузки приложений = невозможное
Значение догрузки реестра = невозможное
Значение чистого звука = невозможное
Значение догрузки видео = невозможное
Значение битрейта видео = невозможное
Значение разрешения видео = невозможное
Значение чистого видео = невозможное
Значение чистого RGB = невозможное
Значение RGB = невозможное
Удаление RGB артефактов = невозможное
Значение классических приложений = невозможное
Значение html = невозможное
Поддержка сетевого ИИ = невозможная
Тренировка сетевого ИИ = невозможная
